###############################################################################
#
# IAR ELF Linker V7.40.1.8447/W32 for ARM                 22/May/2015  18:57:31
# Copyright 2007-2015 IAR Systems AB.
#
#    Output file  =  
#        C:\Users\Marco\Desktop\Esempi
#        miei\Project\Lab\STM32F3_Protocol\EWARM\SysTick\Exe\SysTick.out
#    Map file     =  
#        C:\Users\Marco\Desktop\Esempi
#        miei\Project\Lab\STM32F3_Protocol\EWARM\SysTick\List\SysTick.map
#    Command line =  
#        "C:\Users\Marco\Desktop\Esempi
#        miei\Project\Lab\STM32F3_Protocol\EWARM\SysTick\Obj\main.o"
#        "C:\Users\Marco\Desktop\Esempi
#        miei\Project\Lab\STM32F3_Protocol\EWARM\SysTick\Obj\startup_stm32f30x.o"
#        "C:\Users\Marco\Desktop\Esempi
#        miei\Project\Lab\STM32F3_Protocol\EWARM\SysTick\Obj\stm32f30x_adc.o"
#        "C:\Users\Marco\Desktop\Esempi
#        miei\Project\Lab\STM32F3_Protocol\EWARM\SysTick\Obj\stm32f30x_can.o"
#        "C:\Users\Marco\Desktop\Esempi
#        miei\Project\Lab\STM32F3_Protocol\EWARM\SysTick\Obj\stm32f30x_comp.o"
#        "C:\Users\Marco\Desktop\Esempi
#        miei\Project\Lab\STM32F3_Protocol\EWARM\SysTick\Obj\stm32f30x_crc.o"
#        "C:\Users\Marco\Desktop\Esempi
#        miei\Project\Lab\STM32F3_Protocol\EWARM\SysTick\Obj\stm32f30x_dac.o"
#        "C:\Users\Marco\Desktop\Esempi
#        miei\Project\Lab\STM32F3_Protocol\EWARM\SysTick\Obj\stm32f30x_dbgmcu.o"
#        "C:\Users\Marco\Desktop\Esempi
#        miei\Project\Lab\STM32F3_Protocol\EWARM\SysTick\Obj\stm32f30x_dma.o"
#        "C:\Users\Marco\Desktop\Esempi
#        miei\Project\Lab\STM32F3_Protocol\EWARM\SysTick\Obj\stm32f30x_exti.o"
#        "C:\Users\Marco\Desktop\Esempi
#        miei\Project\Lab\STM32F3_Protocol\EWARM\SysTick\Obj\stm32f30x_flash.o"
#        "C:\Users\Marco\Desktop\Esempi
#        miei\Project\Lab\STM32F3_Protocol\EWARM\SysTick\Obj\stm32f30x_gpio.o"
#        "C:\Users\Marco\Desktop\Esempi
#        miei\Project\Lab\STM32F3_Protocol\EWARM\SysTick\Obj\stm32f30x_i2c.o"
#        "C:\Users\Marco\Desktop\Esempi
#        miei\Project\Lab\STM32F3_Protocol\EWARM\SysTick\Obj\stm32f30x_it.o"
#        "C:\Users\Marco\Desktop\Esempi
#        miei\Project\Lab\STM32F3_Protocol\EWARM\SysTick\Obj\stm32f30x_iwdg.o"
#        "C:\Users\Marco\Desktop\Esempi
#        miei\Project\Lab\STM32F3_Protocol\EWARM\SysTick\Obj\stm32f30x_misc.o"
#        "C:\Users\Marco\Desktop\Esempi
#        miei\Project\Lab\STM32F3_Protocol\EWARM\SysTick\Obj\stm32f30x_opamp.o"
#        "C:\Users\Marco\Desktop\Esempi
#        miei\Project\Lab\STM32F3_Protocol\EWARM\SysTick\Obj\stm32f30x_pwr.o"
#        "C:\Users\Marco\Desktop\Esempi
#        miei\Project\Lab\STM32F3_Protocol\EWARM\SysTick\Obj\stm32f30x_rcc.o"
#        "C:\Users\Marco\Desktop\Esempi
#        miei\Project\Lab\STM32F3_Protocol\EWARM\SysTick\Obj\stm32f30x_rtc.o"
#        "C:\Users\Marco\Desktop\Esempi
#        miei\Project\Lab\STM32F3_Protocol\EWARM\SysTick\Obj\stm32f30x_spi.o"
#        "C:\Users\Marco\Desktop\Esempi
#        miei\Project\Lab\STM32F3_Protocol\EWARM\SysTick\Obj\stm32f30x_syscfg.o"
#        "C:\Users\Marco\Desktop\Esempi
#        miei\Project\Lab\STM32F3_Protocol\EWARM\SysTick\Obj\stm32f30x_tim.o"
#        "C:\Users\Marco\Desktop\Esempi
#        miei\Project\Lab\STM32F3_Protocol\EWARM\SysTick\Obj\stm32f30x_usart.o"
#        "C:\Users\Marco\Desktop\Esempi
#        miei\Project\Lab\STM32F3_Protocol\EWARM\SysTick\Obj\stm32f30x_wwdg.o"
#        "C:\Users\Marco\Desktop\Esempi
#        miei\Project\Lab\STM32F3_Protocol\EWARM\SysTick\Obj\stm32f3_discovery.o"
#        "C:\Users\Marco\Desktop\Esempi
#        miei\Project\Lab\STM32F3_Protocol\EWARM\SysTick\Obj\system_stm32f30x.o"
#        --redirect _Printf=_PrintfSmall --redirect _Scanf=_ScanfSmall -o
#        "C:\Users\Marco\Desktop\Esempi
#        miei\Project\Lab\STM32F3_Protocol\EWARM\SysTick\Exe\SysTick.out" --map
#        "C:\Users\Marco\Desktop\Esempi
#        miei\Project\Lab\STM32F3_Protocol\EWARM\SysTick\List\SysTick.map"
#        --config "C:\Users\Marco\Desktop\Esempi
#        miei\Project\Lab\STM32F3_Protocol\EWARM\stm32f30x_flash.icf"
#        --semihosting --entry __iar_program_start --vfe
#
###############################################################################

*******************************************************************************
*** RUNTIME MODEL ATTRIBUTES
***

CppFlavor       = *
__Heap_Handler  = Basic
__SystemLibrary = DLib


*******************************************************************************
*** PLACEMENT SUMMARY
***

"A1":  place at 0x08000000 { ro section .intvec };
"P1":  place in [from 0x08000000 to 0x0803ffff] { ro };
"P2":  place in [from 0x20000000 to 0x20007fff] { rw, block CSTACK, block HEAP };

  Section            Kind        Address   Size  Object
  -------            ----        -------   ----  ------
"A1":                                     0x188
  .intvec            ro code  0x08000000  0x188  startup_stm32f30x.o [1]
                            - 0x08000188  0x188

"P1":                                     0xb84
  .text              ro code  0x08000188  0x258  stm32f30x_rcc.o [1]
  .text              ro code  0x080003e0  0x1dc  main.o [1]
  .text              ro code  0x080005bc   0xb0  xxmemxmalloc.o [3]
  .text              ro code  0x0800066c   0x92  stm32f30x_gpio.o [1]
  .text              ro code  0x080006fe   0x22  zero_init3.o [5]
  .text              ro code  0x08000720  0x136  stm32f30x_usart.o [1]
  .text              ro code  0x08000858   0x6c  stm32f30x_misc.o [1]
  .text              ro code  0x080008c4   0x80  xxmemxfree.o [3]
  .text              ro code  0x08000944   0x2c  xgetmemchunk.o [3]
  .text              ro code  0x08000970   0xf8  system_stm32f30x.o [1]
  .text              ro code  0x08000a68   0x2c  copy_init3.o [5]
  .text              ro code  0x08000a94   0x28  data_init.o [5]
  .text              ro code  0x08000abc   0x22  fpinit_M.o [4]
  .iar.init_table    const    0x08000ae0   0x24  - Linker created -
  .text              ro code  0x08000b04   0x20  stm32f30x_it.o [1]
  .text              ro code  0x08000b24   0x1a  cmain.o [5]
  .text              ro code  0x08000b3e    0x4  low_level_init.o [3]
  .text              ro code  0x08000b42    0x4  exit.o [3]
  .text              ro code  0x08000b48    0xa  cexit.o [5]
  .text              ro code  0x08000b54   0x14  exit.o [6]
  .text              ro code  0x08000b68   0x10  startup_stm32f30x.o [1]
  .text              ro code  0x08000b78    0xc  cstartup_M.o [5]
  .text              ro code  0x08000b84    0x4  startup_stm32f30x.o [1]
  .text              ro code  0x08000b88    0x4  startup_stm32f30x.o [1]
  .text              ro code  0x08000b8c    0x4  startup_stm32f30x.o [1]
  .text              ro code  0x08000b90    0x4  startup_stm32f30x.o [1]
  .text              ro code  0x08000b94    0x4  startup_stm32f30x.o [1]
  .text              ro code  0x08000b98    0x4  startup_stm32f30x.o [1]
  .text              ro code  0x08000b9c    0x4  startup_stm32f30x.o [1]
  .text              ro code  0x08000ba0    0x4  startup_stm32f30x.o [1]
  .text              ro code  0x08000ba4    0x4  startup_stm32f30x.o [1]
  .text              ro code  0x08000ba8    0x4  startup_stm32f30x.o [1]
  .text              ro code  0x08000bac    0x4  startup_stm32f30x.o [1]
  .text              ro code  0x08000bb0    0x4  startup_stm32f30x.o [1]
  .text              ro code  0x08000bb4    0x4  startup_stm32f30x.o [1]
  .text              ro code  0x08000bb8    0x4  startup_stm32f30x.o [1]
  .text              ro code  0x08000bbc    0x4  startup_stm32f30x.o [1]
  .text              ro code  0x08000bc0    0x4  startup_stm32f30x.o [1]
  .text              ro code  0x08000bc4    0x4  startup_stm32f30x.o [1]
  .text              ro code  0x08000bc8    0x4  startup_stm32f30x.o [1]
  .text              ro code  0x08000bcc    0x4  startup_stm32f30x.o [1]
  .text              ro code  0x08000bd0    0x4  startup_stm32f30x.o [1]
  .text              ro code  0x08000bd4    0x4  startup_stm32f30x.o [1]
  .text              ro code  0x08000bd8    0x4  startup_stm32f30x.o [1]
  .text              ro code  0x08000bdc    0x4  startup_stm32f30x.o [1]
  .text              ro code  0x08000be0    0x4  startup_stm32f30x.o [1]
  .text              ro code  0x08000be4    0x4  startup_stm32f30x.o [1]
  .text              ro code  0x08000be8    0x4  startup_stm32f30x.o [1]
  .text              ro code  0x08000bec    0x4  startup_stm32f30x.o [1]
  .text              ro code  0x08000bf0    0x4  startup_stm32f30x.o [1]
  .text              ro code  0x08000bf4    0x4  startup_stm32f30x.o [1]
  .text              ro code  0x08000bf8    0x4  startup_stm32f30x.o [1]
  .text              ro code  0x08000bfc    0x4  startup_stm32f30x.o [1]
  .text              ro code  0x08000c00    0x4  startup_stm32f30x.o [1]
  .text              ro code  0x08000c04    0x4  startup_stm32f30x.o [1]
  .text              ro code  0x08000c08    0x4  startup_stm32f30x.o [1]
  .text              ro code  0x08000c0c    0x4  startup_stm32f30x.o [1]
  .text              ro code  0x08000c10    0x4  startup_stm32f30x.o [1]
  .text              ro code  0x08000c14    0x4  startup_stm32f30x.o [1]
  .text              ro code  0x08000c18    0x4  startup_stm32f30x.o [1]
  .text              ro code  0x08000c1c    0x4  startup_stm32f30x.o [1]
  .text              ro code  0x08000c20    0x4  startup_stm32f30x.o [1]
  .text              ro code  0x08000c24    0x4  startup_stm32f30x.o [1]
  .text              ro code  0x08000c28    0x4  startup_stm32f30x.o [1]
  .text              ro code  0x08000c2c    0x4  startup_stm32f30x.o [1]
  .text              ro code  0x08000c30    0x4  startup_stm32f30x.o [1]
  .text              ro code  0x08000c34    0x4  startup_stm32f30x.o [1]
  .text              ro code  0x08000c38    0x4  startup_stm32f30x.o [1]
  .text              ro code  0x08000c3c    0x4  startup_stm32f30x.o [1]
  .text              ro code  0x08000c40    0x4  startup_stm32f30x.o [1]
  .text              ro code  0x08000c44    0x4  startup_stm32f30x.o [1]
  .text              ro code  0x08000c48    0x4  startup_stm32f30x.o [1]
  .text              ro code  0x08000c4c    0x4  startup_stm32f30x.o [1]
  .text              ro code  0x08000c50    0x4  startup_stm32f30x.o [1]
  .text              ro code  0x08000c54    0x4  startup_stm32f30x.o [1]
  .text              ro code  0x08000c58    0x4  startup_stm32f30x.o [1]
  .text              ro code  0x08000c5c    0x4  startup_stm32f30x.o [1]
  .text              ro code  0x08000c60    0x4  startup_stm32f30x.o [1]
  .text              ro code  0x08000c64    0x4  startup_stm32f30x.o [1]
  .text              ro code  0x08000c68    0x4  startup_stm32f30x.o [1]
  .text              ro code  0x08000c6c    0x4  startup_stm32f30x.o [1]
  .text              ro code  0x08000c70    0x4  startup_stm32f30x.o [1]
  .text              ro code  0x08000c74    0x4  startup_stm32f30x.o [1]
  .text              ro code  0x08000c78    0x4  startup_stm32f30x.o [1]
  .text              ro code  0x08000c7c    0x4  startup_stm32f30x.o [1]
  .text              ro code  0x08000c80    0x4  startup_stm32f30x.o [1]
  .text              ro code  0x08000c84    0x4  startup_stm32f30x.o [1]
  .text              ro code  0x08000c88    0x4  startup_stm32f30x.o [1]
  .text              ro code  0x08000c8c    0x4  startup_stm32f30x.o [1]
  .text              ro code  0x08000c90    0x4  startup_stm32f30x.o [1]
  .text              ro code  0x08000c94    0x4  startup_stm32f30x.o [1]
  .text              ro code  0x08000c98    0x4  startup_stm32f30x.o [1]
  .text              ro code  0x08000c9c    0x4  startup_stm32f30x.o [1]
  .text              ro code  0x08000ca0    0x4  startup_stm32f30x.o [1]
  .text              ro code  0x08000ca4    0x4  startup_stm32f30x.o [1]
  .text              ro code  0x08000ca8    0x4  startup_stm32f30x.o [1]
  .text              ro code  0x08000cac    0x4  startup_stm32f30x.o [1]
  .rodata            const    0x08000cb0    0x0  zero_init3.o [5]
  .rodata            const    0x08000cb0    0x0  copy_init3.o [5]
  Initializer bytes  const    0x08000cb0   0x5c  <for P2 s0>
                            - 0x08000d0c  0xb84

"P2":                                     0x7a0
  P2 s0                       0x20000000   0x5c  <Init block>
    .data            inited   0x20000000   0x2c  stm32f30x_rcc.o [1]
    .data            inited   0x2000002c   0x1c  main.o [1]
    .data            inited   0x20000048   0x14  system_stm32f30x.o [1]
  .bss               zero     0x2000005c  0x12c  main.o [1]
  .bss               zero     0x20000188    0x8  xxmemxmalloc.o [3]
  .bss               zero     0x20000190    0x4  main.o [1]
  .bss               zero     0x20000194    0x4  main.o [1]
  .bss               zero     0x20000198    0x4  xgetmemchunk.o [3]
  CSTACK                      0x200001a0  0x400  <Block>
    CSTACK           uninit   0x200001a0  0x400  <Block tail>
  HEAP                        0x200005a0  0x200  <Block>
    HEAP             uninit   0x200005a0  0x200  <Block tail>
                            - 0x200007a0  0x7a0


*******************************************************************************
*** INIT TABLE
***

          Address     Size
          -------     ----
Zero (__iar_zero_init3)
    1 destination range, total size 0x140:
          0x2000005c  0x140

Copy (__iar_copy_init3)
    1 source range, total size 0x5c:
          0x08000cb0   0x5c
    1 destination range, total size 0x5c:
          0x20000000   0x5c



*******************************************************************************
*** MODULE SUMMARY
***

    Module               ro code  ro data  rw data
    ------               -------  -------  -------
C:\Users\Marco\Desktop\Esempi miei\Project\Lab\STM32F3_Protocol\EWARM\SysTick\Obj: [1]
    main.o                   476       28      336
    startup_stm32f30x.o      708
    stm32f30x_gpio.o         146
    stm32f30x_it.o            32
    stm32f30x_misc.o         108
    stm32f30x_rcc.o          600       44       44
    stm32f30x_usart.o        310
    system_stm32f30x.o       248       20       20
    ----------------------------------------------
    Total:                 2 628       92      400

command line: [2]
    ----------------------------------------------
    Total:

dl7M_tln.a: [3]
    exit.o                     4
    low_level_init.o           4
    xgetmemchunk.o            44                 4
    xxmemxfree.o             128
    xxmemxmalloc.o           176                 8
    ----------------------------------------------
    Total:                   356                12

m7M_tls.a: [4]
    fpinit_M.o                34
    ----------------------------------------------
    Total:                    34

rt7M_tl.a: [5]
    cexit.o                   10
    cmain.o                   26
    copy_init3.o              44
    cstartup_M.o              12
    data_init.o               40
    zero_init3.o              34
    ----------------------------------------------
    Total:                   166

shb_l.a: [6]
    exit.o                    20
    ----------------------------------------------
    Total:                    20

    Gaps                       6        2
    Linker created                     36    1 536
--------------------------------------------------
    Grand Total:           3 210      130    1 948


*******************************************************************************
*** ENTRY LIST
***

Entry                      Address   Size  Type      Object
-----                      -------   ----  ----      ------
.iar.init_table$$Base   0x08000ae0          --   Gb  - Linker created -
.iar.init_table$$Limit  0x08000b04          --   Gb  - Linker created -
?main                   0x08000b25         Code  Gb  cmain.o [5]
ADCPrescTable           0x20000010   0x1c  Data  Lc  stm32f30x_rcc.o [1]
AHBPrescTable           0x20000048   0x10  Data  Gb  system_stm32f30x.o [1]
APBAHBPrescTable        0x20000000   0x10  Data  Lc  stm32f30x_rcc.o [1]
BusFault_Handler        0x08000b0b    0x2  Code  Gb  stm32f30x_it.o [1]
CSTACK$$Base            0x200001a0          --   Gb  - Linker created -
CSTACK$$Limit           0x200005a0          --   Gb  - Linker created -
DebugMon_Handler        0x08000b11    0x2  Code  Gb  stm32f30x_it.o [1]
GPIO_Init               0x0800066d   0x6e  Code  Gb  stm32f30x_gpio.o [1]
GPIO_InitStructure      0x2000002c    0x8  Data  Gb  main.o [1]
GPIO_PinAFConfig        0x080006db   0x24  Code  Gb  stm32f30x_gpio.o [1]
HEAP$$Base              0x200005a0          --   Gb  - Linker created -
HEAP$$Limit             0x200007a0          --   Gb  - Linker created -
HardFault_Handler       0x08000b07    0x2  Code  Gb  stm32f30x_it.o [1]
MemManage_Handler       0x08000b09    0x2  Code  Gb  stm32f30x_it.o [1]
NMI_Handler             0x08000b05    0x2  Code  Gb  stm32f30x_it.o [1]
NVIC_Init               0x08000859   0x5a  Code  Gb  stm32f30x_misc.o [1]
PendSV_Handler          0x08000b13    0x2  Code  Gb  stm32f30x_it.o [1]
RCC_AHBPeriphClockCmd   0x080003a3   0x12  Code  Gb  stm32f30x_rcc.o [1]
RCC_APB1PeriphClockCmd  0x080003b5   0x12  Code  Gb  stm32f30x_rcc.o [1]
RCC_GetClocksFreq       0x08000189  0x21a  Code  Gb  stm32f30x_rcc.o [1]
Region$$Table$$Base     0x08000ae0          --   Gb  - Linker created -
Region$$Table$$Limit    0x08000b04          --   Gb  - Linker created -
SVC_Handler             0x08000b0f    0x2  Code  Gb  stm32f30x_it.o [1]
SysTick_Handler         0x08000b15    0xa  Code  Gb  stm32f30x_it.o [1]
SystemCoreClock         0x20000058    0x4  Data  Gb  system_stm32f30x.o [1]
SystemInit              0x08000971   0xda  Code  Gb  system_stm32f30x.o [1]
TimingDelay             0x20000190    0x4  Data  Gb  main.o [1]
USART2_IRQHandler       0x080004b1   0xaa  Code  Gb  main.o [1]
USART_Cmd               0x080007d5   0x12  Code  Gb  stm32f30x_usart.o [1]
USART_GetITStatus       0x08000821   0x36  Code  Gb  stm32f30x_usart.o [1]
USART_ITConfig          0x080007f7   0x2a  Code  Gb  stm32f30x_usart.o [1]
USART_Init              0x08000721   0x9e  Code  Gb  stm32f30x_usart.o [1]
USART_ReceiveData       0x080007ef    0x8  Code  Gb  stm32f30x_usart.o [1]
USART_SendData          0x080007e7    0x8  Code  Gb  stm32f30x_usart.o [1]
UsageFault_Handler      0x08000b0d    0x2  Code  Gb  stm32f30x_it.o [1]
__cmain                 0x08000b25         Code  Gb  cmain.o [5]
__data_Aldata           0x20000188    0x8  Data  Gb  xxmemxmalloc.o [3]
__data_GetMemChunk      0x08000945   0x2c  Code  Gb  xgetmemchunk.o [3]
__exit                  0x08000b55   0x14  Code  Gb  exit.o [6]
__iar_copy_init3        0x08000a69   0x2c  Code  Gb  copy_init3.o [5]
__iar_data_init3        0x08000a95   0x28  Code  Gb  data_init.o [5]
__iar_init_vfp          0x08000abd         Code  Gb  fpinit_M.o [4]
__iar_program_start     0x08000b79         Code  Gb  cstartup_M.o [5]
__iar_zero_init3        0x080006ff   0x22  Code  Gb  zero_init3.o [5]
__low_level_init        0x08000b3f    0x4  Code  Gb  low_level_init.o [3]
__vector_table          0x08000000         Data  Gb  startup_stm32f30x.o [1]
_call_main              0x08000b31         Code  Gb  cmain.o [5]
_exit                   0x08000b49         Code  Gb  cexit.o [5]
_main                   0x08000b3b         Code  Gb  cmain.o [5]
crcCounter              0x20000038    0x4  Data  Gb  main.o [1]
exit                    0x08000b43    0x4  Code  Gb  exit.o [3]
flagHeader              0x20000044    0x4  Data  Gb  main.o [1]
free                    0x080008c5   0x7a  Code  Gb  xxmemxfree.o [3]
initPacket2             0x08000589   0x10  Code  Gb  main.o [1]
intBuff                 0x2000003c    0x4  Data  Gb  main.o [1]
main                    0x080003e1   0xce  Code  Gb  main.o [1]
malloc                  0x080005bd   0xac  Code  Gb  xxmemxmalloc.o [3]
pLen                    0x20000034    0x2  Data  Gb  main.o [1]
pacchetto               0x2000005c  0x12c  Data  Gb  main.o [1]
readPayloadLength       0x0800057d    0xc  Code  Gb  main.o [1]
readProgress            0x20000040    0x4  Data  Gb  main.o [1]
tmpF                    0x20000194    0x2  Data  Gb  main.o [1]
tmpS                    0x20000196    0x2  Data  Gb  main.o [1]


[1] = C:\Users\Marco\Desktop\Esempi miei\Project\Lab\STM32F3_Protocol\EWARM\SysTick\Obj
[2] = command line
[3] = dl7M_tln.a
[4] = m7M_tls.a
[5] = rt7M_tl.a
[6] = shb_l.a

  3 210 bytes of readonly  code memory
    130 bytes of readonly  data memory
  1 948 bytes of readwrite data memory

Errors: none
Warnings: none
