###############################################################################
#
# IAR ELF Linker V7.40.1.8447/W32 for ARM                 24/May/2015  11:04:22
# Copyright 2007-2015 IAR Systems AB.
#
#    Output file  =  
#        C:\Users\Marco\Desktop\Esempi
#        miei\Project\Lab\STM32F3_Protocol\EWARM\SysTick\Exe\SysTick.out
#    Map file     =  
#        C:\Users\Marco\Desktop\Esempi
#        miei\Project\Lab\STM32F3_Protocol\EWARM\SysTick\List\SysTick.map
#    Command line =  
#        "C:\Users\Marco\Desktop\Esempi
#        miei\Project\Lab\STM32F3_Protocol\EWARM\SysTick\Obj\main.o"
#        "C:\Users\Marco\Desktop\Esempi
#        miei\Project\Lab\STM32F3_Protocol\EWARM\SysTick\Obj\startup_stm32f30x.o"
#        "C:\Users\Marco\Desktop\Esempi
#        miei\Project\Lab\STM32F3_Protocol\EWARM\SysTick\Obj\stm32f30x_adc.o"
#        "C:\Users\Marco\Desktop\Esempi
#        miei\Project\Lab\STM32F3_Protocol\EWARM\SysTick\Obj\stm32f30x_can.o"
#        "C:\Users\Marco\Desktop\Esempi
#        miei\Project\Lab\STM32F3_Protocol\EWARM\SysTick\Obj\stm32f30x_comp.o"
#        "C:\Users\Marco\Desktop\Esempi
#        miei\Project\Lab\STM32F3_Protocol\EWARM\SysTick\Obj\stm32f30x_crc.o"
#        "C:\Users\Marco\Desktop\Esempi
#        miei\Project\Lab\STM32F3_Protocol\EWARM\SysTick\Obj\stm32f30x_dac.o"
#        "C:\Users\Marco\Desktop\Esempi
#        miei\Project\Lab\STM32F3_Protocol\EWARM\SysTick\Obj\stm32f30x_dbgmcu.o"
#        "C:\Users\Marco\Desktop\Esempi
#        miei\Project\Lab\STM32F3_Protocol\EWARM\SysTick\Obj\stm32f30x_dma.o"
#        "C:\Users\Marco\Desktop\Esempi
#        miei\Project\Lab\STM32F3_Protocol\EWARM\SysTick\Obj\stm32f30x_exti.o"
#        "C:\Users\Marco\Desktop\Esempi
#        miei\Project\Lab\STM32F3_Protocol\EWARM\SysTick\Obj\stm32f30x_flash.o"
#        "C:\Users\Marco\Desktop\Esempi
#        miei\Project\Lab\STM32F3_Protocol\EWARM\SysTick\Obj\stm32f30x_gpio.o"
#        "C:\Users\Marco\Desktop\Esempi
#        miei\Project\Lab\STM32F3_Protocol\EWARM\SysTick\Obj\stm32f30x_i2c.o"
#        "C:\Users\Marco\Desktop\Esempi
#        miei\Project\Lab\STM32F3_Protocol\EWARM\SysTick\Obj\stm32f30x_it.o"
#        "C:\Users\Marco\Desktop\Esempi
#        miei\Project\Lab\STM32F3_Protocol\EWARM\SysTick\Obj\stm32f30x_iwdg.o"
#        "C:\Users\Marco\Desktop\Esempi
#        miei\Project\Lab\STM32F3_Protocol\EWARM\SysTick\Obj\stm32f30x_misc.o"
#        "C:\Users\Marco\Desktop\Esempi
#        miei\Project\Lab\STM32F3_Protocol\EWARM\SysTick\Obj\stm32f30x_opamp.o"
#        "C:\Users\Marco\Desktop\Esempi
#        miei\Project\Lab\STM32F3_Protocol\EWARM\SysTick\Obj\stm32f30x_pwr.o"
#        "C:\Users\Marco\Desktop\Esempi
#        miei\Project\Lab\STM32F3_Protocol\EWARM\SysTick\Obj\stm32f30x_rcc.o"
#        "C:\Users\Marco\Desktop\Esempi
#        miei\Project\Lab\STM32F3_Protocol\EWARM\SysTick\Obj\stm32f30x_rtc.o"
#        "C:\Users\Marco\Desktop\Esempi
#        miei\Project\Lab\STM32F3_Protocol\EWARM\SysTick\Obj\stm32f30x_spi.o"
#        "C:\Users\Marco\Desktop\Esempi
#        miei\Project\Lab\STM32F3_Protocol\EWARM\SysTick\Obj\stm32f30x_syscfg.o"
#        "C:\Users\Marco\Desktop\Esempi
#        miei\Project\Lab\STM32F3_Protocol\EWARM\SysTick\Obj\stm32f30x_tim.o"
#        "C:\Users\Marco\Desktop\Esempi
#        miei\Project\Lab\STM32F3_Protocol\EWARM\SysTick\Obj\stm32f30x_usart.o"
#        "C:\Users\Marco\Desktop\Esempi
#        miei\Project\Lab\STM32F3_Protocol\EWARM\SysTick\Obj\stm32f30x_wwdg.o"
#        "C:\Users\Marco\Desktop\Esempi
#        miei\Project\Lab\STM32F3_Protocol\EWARM\SysTick\Obj\stm32f3_discovery.o"
#        "C:\Users\Marco\Desktop\Esempi
#        miei\Project\Lab\STM32F3_Protocol\EWARM\SysTick\Obj\system_stm32f30x.o"
#        --redirect _Printf=_PrintfSmall --redirect _Scanf=_ScanfSmall -o
#        "C:\Users\Marco\Desktop\Esempi
#        miei\Project\Lab\STM32F3_Protocol\EWARM\SysTick\Exe\SysTick.out" --map
#        "C:\Users\Marco\Desktop\Esempi
#        miei\Project\Lab\STM32F3_Protocol\EWARM\SysTick\List\SysTick.map"
#        --config "C:\Users\Marco\Desktop\Esempi
#        miei\Project\Lab\STM32F3_Protocol\EWARM\stm32f30x_flash.icf"
#        --semihosting --entry __iar_program_start --vfe
#
###############################################################################

*******************************************************************************
*** RUNTIME MODEL ATTRIBUTES
***

CppFlavor       = *
__SystemLibrary = DLib


*******************************************************************************
*** PLACEMENT SUMMARY
***

"A1":  place at 0x08000000 { ro section .intvec };
"P1":  place in [from 0x08000000 to 0x0803ffff] { ro };
"P2":  place in [from 0x20000000 to 0x20007fff] { rw, block CSTACK, block HEAP };

  Section            Kind        Address   Size  Object
  -------            ----        -------   ----  ------
"A1":                                     0x188
  .intvec            ro code  0x08000000  0x188  startup_stm32f30x.o [1]
                            - 0x08000188  0x188

"P1":                                     0xb38
  .text              ro code  0x08000188  0x280  main.o [1]
  .text              ro code  0x08000408  0x258  stm32f30x_rcc.o [1]
  .text              ro code  0x08000660   0x92  stm32f30x_gpio.o [1]
  .text              ro code  0x080006f2   0x22  zero_init3.o [5]
  .text              ro code  0x08000714  0x144  stm32f30x_usart.o [1]
  .text              ro code  0x08000858   0x6c  stm32f30x_misc.o [1]
  .text              ro code  0x080008c4   0x14  memset.o [3]
  .text              ro code  0x080008d8   0x66  ABImemset.o [5]
  .text              ro code  0x08000940   0xf8  system_stm32f30x.o [1]
  .text              ro code  0x08000a38   0x2c  copy_init3.o [5]
  .text              ro code  0x08000a64   0x28  data_init.o [5]
  .text              ro code  0x08000a8c   0x22  fpinit_M.o [4]
  .iar.init_table    const    0x08000ab0   0x24  - Linker created -
  .text              ro code  0x08000ad4   0x20  stm32f30x_it.o [1]
  .text              ro code  0x08000af4   0x1a  cmain.o [5]
  .text              ro code  0x08000b0e    0x4  low_level_init.o [3]
  .text              ro code  0x08000b12    0x4  exit.o [3]
  .text              ro code  0x08000b18    0xa  cexit.o [5]
  .text              ro code  0x08000b24   0x14  exit.o [6]
  .text              ro code  0x08000b38   0x10  startup_stm32f30x.o [1]
  .text              ro code  0x08000b48    0xc  cstartup_M.o [5]
  .text              ro code  0x08000b54    0x4  startup_stm32f30x.o [1]
  .text              ro code  0x08000b58    0x4  startup_stm32f30x.o [1]
  .text              ro code  0x08000b5c    0x4  startup_stm32f30x.o [1]
  .text              ro code  0x08000b60    0x4  startup_stm32f30x.o [1]
  .text              ro code  0x08000b64    0x4  startup_stm32f30x.o [1]
  .text              ro code  0x08000b68    0x4  startup_stm32f30x.o [1]
  .text              ro code  0x08000b6c    0x4  startup_stm32f30x.o [1]
  .text              ro code  0x08000b70    0x4  startup_stm32f30x.o [1]
  .text              ro code  0x08000b74    0x4  startup_stm32f30x.o [1]
  .text              ro code  0x08000b78    0x4  startup_stm32f30x.o [1]
  .text              ro code  0x08000b7c    0x4  startup_stm32f30x.o [1]
  .text              ro code  0x08000b80    0x4  startup_stm32f30x.o [1]
  .text              ro code  0x08000b84    0x4  startup_stm32f30x.o [1]
  .text              ro code  0x08000b88    0x4  startup_stm32f30x.o [1]
  .text              ro code  0x08000b8c    0x4  startup_stm32f30x.o [1]
  .text              ro code  0x08000b90    0x4  startup_stm32f30x.o [1]
  .text              ro code  0x08000b94    0x4  startup_stm32f30x.o [1]
  .text              ro code  0x08000b98    0x4  startup_stm32f30x.o [1]
  .text              ro code  0x08000b9c    0x4  startup_stm32f30x.o [1]
  .text              ro code  0x08000ba0    0x4  startup_stm32f30x.o [1]
  .text              ro code  0x08000ba4    0x4  startup_stm32f30x.o [1]
  .text              ro code  0x08000ba8    0x4  startup_stm32f30x.o [1]
  .text              ro code  0x08000bac    0x4  startup_stm32f30x.o [1]
  .text              ro code  0x08000bb0    0x4  startup_stm32f30x.o [1]
  .text              ro code  0x08000bb4    0x4  startup_stm32f30x.o [1]
  .text              ro code  0x08000bb8    0x4  startup_stm32f30x.o [1]
  .text              ro code  0x08000bbc    0x4  startup_stm32f30x.o [1]
  .text              ro code  0x08000bc0    0x4  startup_stm32f30x.o [1]
  .text              ro code  0x08000bc4    0x4  startup_stm32f30x.o [1]
  .text              ro code  0x08000bc8    0x4  startup_stm32f30x.o [1]
  .text              ro code  0x08000bcc    0x4  startup_stm32f30x.o [1]
  .text              ro code  0x08000bd0    0x4  startup_stm32f30x.o [1]
  .text              ro code  0x08000bd4    0x4  startup_stm32f30x.o [1]
  .text              ro code  0x08000bd8    0x4  startup_stm32f30x.o [1]
  .text              ro code  0x08000bdc    0x4  startup_stm32f30x.o [1]
  .text              ro code  0x08000be0    0x4  startup_stm32f30x.o [1]
  .text              ro code  0x08000be4    0x4  startup_stm32f30x.o [1]
  .text              ro code  0x08000be8    0x4  startup_stm32f30x.o [1]
  .text              ro code  0x08000bec    0x4  startup_stm32f30x.o [1]
  .text              ro code  0x08000bf0    0x4  startup_stm32f30x.o [1]
  .text              ro code  0x08000bf4    0x4  startup_stm32f30x.o [1]
  .text              ro code  0x08000bf8    0x4  startup_stm32f30x.o [1]
  .text              ro code  0x08000bfc    0x4  startup_stm32f30x.o [1]
  .text              ro code  0x08000c00    0x4  startup_stm32f30x.o [1]
  .text              ro code  0x08000c04    0x4  startup_stm32f30x.o [1]
  .text              ro code  0x08000c08    0x4  startup_stm32f30x.o [1]
  .text              ro code  0x08000c0c    0x4  startup_stm32f30x.o [1]
  .text              ro code  0x08000c10    0x4  startup_stm32f30x.o [1]
  .text              ro code  0x08000c14    0x4  startup_stm32f30x.o [1]
  .text              ro code  0x08000c18    0x4  startup_stm32f30x.o [1]
  .text              ro code  0x08000c1c    0x4  startup_stm32f30x.o [1]
  .text              ro code  0x08000c20    0x4  startup_stm32f30x.o [1]
  .text              ro code  0x08000c24    0x4  startup_stm32f30x.o [1]
  .text              ro code  0x08000c28    0x4  startup_stm32f30x.o [1]
  .text              ro code  0x08000c2c    0x4  startup_stm32f30x.o [1]
  .text              ro code  0x08000c30    0x4  startup_stm32f30x.o [1]
  .text              ro code  0x08000c34    0x4  startup_stm32f30x.o [1]
  .text              ro code  0x08000c38    0x4  startup_stm32f30x.o [1]
  .text              ro code  0x08000c3c    0x4  startup_stm32f30x.o [1]
  .text              ro code  0x08000c40    0x4  startup_stm32f30x.o [1]
  .text              ro code  0x08000c44    0x4  startup_stm32f30x.o [1]
  .text              ro code  0x08000c48    0x4  startup_stm32f30x.o [1]
  .text              ro code  0x08000c4c    0x4  startup_stm32f30x.o [1]
  .text              ro code  0x08000c50    0x4  startup_stm32f30x.o [1]
  .text              ro code  0x08000c54    0x4  startup_stm32f30x.o [1]
  .text              ro code  0x08000c58    0x4  startup_stm32f30x.o [1]
  .text              ro code  0x08000c5c    0x4  startup_stm32f30x.o [1]
  .text              ro code  0x08000c60    0x4  startup_stm32f30x.o [1]
  .text              ro code  0x08000c64    0x4  startup_stm32f30x.o [1]
  .text              ro code  0x08000c68    0x4  startup_stm32f30x.o [1]
  .text              ro code  0x08000c6c    0x4  startup_stm32f30x.o [1]
  .text              ro code  0x08000c70    0x4  startup_stm32f30x.o [1]
  .text              ro code  0x08000c74    0x4  startup_stm32f30x.o [1]
  .text              ro code  0x08000c78    0x4  startup_stm32f30x.o [1]
  .text              ro code  0x08000c7c    0x4  startup_stm32f30x.o [1]
  .rodata            const    0x08000c80    0x0  zero_init3.o [5]
  .rodata            const    0x08000c80    0x0  copy_init3.o [5]
  Initializer bytes  const    0x08000c80   0x40  <for P2 s0>
                            - 0x08000cc0  0xb38

"P2":                                     0x6b0
  P2 s0                       0x20000000   0x40  <Init block>
    .data            inited   0x20000000   0x2c  stm32f30x_rcc.o [1]
    .data            inited   0x2000002c   0x14  system_stm32f30x.o [1]
  .bss               zero     0x20000040  0x134  main.o [1]
  .bss               zero     0x20000174  0x12c  main.o [1]
  .bss               zero     0x200002a0    0x8  main.o [1]
  .bss               zero     0x200002a8    0x4  main.o [1]
  CSTACK                      0x200002b0  0x400  <Block>
    CSTACK           uninit   0x200002b0  0x400  <Block tail>
                            - 0x200006b0  0x6b0


*******************************************************************************
*** INIT TABLE
***

          Address     Size
          -------     ----
Zero (__iar_zero_init3)
    1 destination range, total size 0x26c:
          0x20000040  0x26c

Copy (__iar_copy_init3)
    1 source range, total size 0x40:
          0x08000c80   0x40
    1 destination range, total size 0x40:
          0x20000000   0x40



*******************************************************************************
*** MODULE SUMMARY
***

    Module               ro code  ro data  rw data
    ------               -------  -------  -------
C:\Users\Marco\Desktop\Esempi miei\Project\Lab\STM32F3_Protocol\EWARM\SysTick\Obj: [1]
    main.o                   640               620
    startup_stm32f30x.o      708
    stm32f30x_gpio.o         146
    stm32f30x_it.o            32
    stm32f30x_misc.o         108
    stm32f30x_rcc.o          600       44       44
    stm32f30x_usart.o        324
    system_stm32f30x.o       248       20       20
    ----------------------------------------------
    Total:                 2 806       64      684

command line: [2]
    ----------------------------------------------
    Total:

dl7M_tln.a: [3]
    exit.o                     4
    low_level_init.o           4
    memset.o                  20
    ----------------------------------------------
    Total:                    28

m7M_tls.a: [4]
    fpinit_M.o                34
    ----------------------------------------------
    Total:                    34

rt7M_tl.a: [5]
    ABImemset.o              102
    cexit.o                   10
    cmain.o                   26
    copy_init3.o              44
    cstartup_M.o              12
    data_init.o               40
    zero_init3.o              34
    ----------------------------------------------
    Total:                   268

shb_l.a: [6]
    exit.o                    20
    ----------------------------------------------
    Total:                    20

    Gaps                       6        2
    Linker created                     36    1 024
--------------------------------------------------
    Grand Total:           3 162      102    1 708


*******************************************************************************
*** ENTRY LIST
***

Entry                      Address   Size  Type      Object
-----                      -------   ----  ----      ------
.iar.init_table$$Base   0x08000ab0          --   Gb  - Linker created -
.iar.init_table$$Limit  0x08000ad4          --   Gb  - Linker created -
?main                   0x08000af5         Code  Gb  cmain.o [5]
ADCPrescTable           0x20000010   0x1c  Data  Lc  stm32f30x_rcc.o [1]
AHBPrescTable           0x2000002c   0x10  Data  Gb  system_stm32f30x.o [1]
APBAHBPrescTable        0x20000000   0x10  Data  Lc  stm32f30x_rcc.o [1]
BAU_FW_Version          0x08000395   0x16  Code  Gb  main.o [1]
BAU_PacketClone         0x08000313   0x2a  Code  Gb  main.o [1]
BAU_PacketDispatch      0x080003ab   0x50  Code  Gb  main.o [1]
BAU_PacketSend          0x0800033d   0x30  Code  Gb  main.o [1]
BusFault_Handler        0x08000adb    0x2  Code  Gb  stm32f30x_it.o [1]
CSTACK$$Base            0x200002b0          --   Gb  - Linker created -
CSTACK$$Limit           0x200006b0          --   Gb  - Linker created -
DebugMon_Handler        0x08000ae1    0x2  Code  Gb  stm32f30x_it.o [1]
GPIO_Init               0x08000661   0x6e  Code  Gb  stm32f30x_gpio.o [1]
GPIO_InitStructure      0x200002a0    0x8  Data  Gb  main.o [1]
GPIO_PinAFConfig        0x080006cf   0x24  Code  Gb  stm32f30x_gpio.o [1]
HardFault_Handler       0x08000ad7    0x2  Code  Gb  stm32f30x_it.o [1]
MemManage_Handler       0x08000ad9    0x2  Code  Gb  stm32f30x_it.o [1]
NMI_Handler             0x08000ad5    0x2  Code  Gb  stm32f30x_it.o [1]
NVIC_Init               0x08000859   0x5a  Code  Gb  stm32f30x_misc.o [1]
PendSV_Handler          0x08000ae3    0x2  Code  Gb  stm32f30x_it.o [1]
RCC_AHBPeriphClockCmd   0x08000623   0x12  Code  Gb  stm32f30x_rcc.o [1]
RCC_APB1PeriphClockCmd  0x08000635   0x12  Code  Gb  stm32f30x_rcc.o [1]
RCC_GetClocksFreq       0x08000409  0x21a  Code  Gb  stm32f30x_rcc.o [1]
Region$$Table$$Base     0x08000ab0          --   Gb  - Linker created -
Region$$Table$$Limit    0x08000ad4          --   Gb  - Linker created -
SVC_Handler             0x08000adf    0x2  Code  Gb  stm32f30x_it.o [1]
SysTick_Handler         0x08000ae5    0xa  Code  Gb  stm32f30x_it.o [1]
SystemCoreClock         0x2000003c    0x4  Data  Gb  system_stm32f30x.o [1]
SystemInit              0x08000941   0xda  Code  Gb  system_stm32f30x.o [1]
TimingDelay             0x200002a8    0x4  Data  Gb  main.o [1]
USART2_IRQHandler       0x0800024d   0xb0  Code  Gb  main.o [1]
USART_Cmd               0x080007c9   0x12  Code  Gb  stm32f30x_usart.o [1]
USART_GetFlagStatus     0x08000815    0xe  Code  Gb  stm32f30x_usart.o [1]
USART_GetITStatus       0x08000823   0x36  Code  Gb  stm32f30x_usart.o [1]
USART_ITConfig          0x080007eb   0x2a  Code  Gb  stm32f30x_usart.o [1]
USART_Init              0x08000715   0x9e  Code  Gb  stm32f30x_usart.o [1]
USART_ReceiveData       0x080007e3    0x8  Code  Gb  stm32f30x_usart.o [1]
USART_SendData          0x080007db    0x8  Code  Gb  stm32f30x_usart.o [1]
UsageFault_Handler      0x08000add    0x2  Code  Gb  stm32f30x_it.o [1]
__aeabi_memset          0x080008d9         Code  Gb  ABImemset.o [5]
__cmain                 0x08000af5         Code  Gb  cmain.o [5]
__exit                  0x08000b25   0x14  Code  Gb  exit.o [6]
__iar_Memset            0x080008d9         Code  Gb  ABImemset.o [5]
__iar_Memset_word       0x080008e1         Code  Gb  ABImemset.o [5]
__iar_copy_init3        0x08000a39   0x2c  Code  Gb  copy_init3.o [5]
__iar_data_init3        0x08000a65   0x28  Code  Gb  data_init.o [5]
__iar_init_vfp          0x08000a8d         Code  Gb  fpinit_M.o [4]
__iar_program_start     0x08000b49         Code  Gb  cstartup_M.o [5]
__iar_zero_init3        0x080006f3   0x22  Code  Gb  zero_init3.o [5]
__low_level_init        0x08000b0f    0x4  Code  Gb  low_level_init.o [3]
__vector_table          0x08000000         Data  Gb  startup_stm32f30x.o [1]
_call_main              0x08000b01         Code  Gb  cmain.o [5]
_exit                   0x08000b19         Code  Gb  cexit.o [5]
_main                   0x08000b0b         Code  Gb  cmain.o [5]
buffer                  0x20000040  0x12c  Data  Gb  main.o [1]
exit                    0x08000b13    0x4  Code  Gb  exit.o [3]
isBitSet                0x08000309    0xa  Code  Gb  main.o [1]
main                    0x08000189   0xc4  Code  Gb  main.o [1]
memset                  0x080008c5   0x14  Code  Gb  memset.o [3]
pLen                    0x2000016c    0x2  Data  Gb  main.o [1]
packet                  0x20000174  0x12c  Data  Gb  main.o [1]
readPayloadLength       0x08000303    0x6  Code  Gb  main.o [1]
readProgress            0x20000170    0x4  Data  Gb  main.o [1]


[1] = C:\Users\Marco\Desktop\Esempi miei\Project\Lab\STM32F3_Protocol\EWARM\SysTick\Obj
[2] = command line
[3] = dl7M_tln.a
[4] = m7M_tls.a
[5] = rt7M_tl.a
[6] = shb_l.a

  3 162 bytes of readonly  code memory
    102 bytes of readonly  data memory
  1 708 bytes of readwrite data memory

Errors: none
Warnings: none
