###############################################################################
#
# IAR ELF Linker V7.40.1.8447/W32 for ARM                 24/May/2015  20:53:16
# Copyright 2007-2015 IAR Systems AB.
#
#    Output file  =  
#        C:\Users\Marco\Desktop\Esempi
#        miei\Project\Lab\STM32F3_Protocol\EWARM\SysTick\Exe\SysTick.out
#    Map file     =  
#        C:\Users\Marco\Desktop\Esempi
#        miei\Project\Lab\STM32F3_Protocol\EWARM\SysTick\List\SysTick.map
#    Command line =  
#        "C:\Users\Marco\Desktop\Esempi
#        miei\Project\Lab\STM32F3_Protocol\EWARM\SysTick\Obj\main.o"
#        "C:\Users\Marco\Desktop\Esempi
#        miei\Project\Lab\STM32F3_Protocol\EWARM\SysTick\Obj\startup_stm32f30x.o"
#        "C:\Users\Marco\Desktop\Esempi
#        miei\Project\Lab\STM32F3_Protocol\EWARM\SysTick\Obj\stm32f30x_adc.o"
#        "C:\Users\Marco\Desktop\Esempi
#        miei\Project\Lab\STM32F3_Protocol\EWARM\SysTick\Obj\stm32f30x_can.o"
#        "C:\Users\Marco\Desktop\Esempi
#        miei\Project\Lab\STM32F3_Protocol\EWARM\SysTick\Obj\stm32f30x_comp.o"
#        "C:\Users\Marco\Desktop\Esempi
#        miei\Project\Lab\STM32F3_Protocol\EWARM\SysTick\Obj\stm32f30x_crc.o"
#        "C:\Users\Marco\Desktop\Esempi
#        miei\Project\Lab\STM32F3_Protocol\EWARM\SysTick\Obj\stm32f30x_dac.o"
#        "C:\Users\Marco\Desktop\Esempi
#        miei\Project\Lab\STM32F3_Protocol\EWARM\SysTick\Obj\stm32f30x_dbgmcu.o"
#        "C:\Users\Marco\Desktop\Esempi
#        miei\Project\Lab\STM32F3_Protocol\EWARM\SysTick\Obj\stm32f30x_dma.o"
#        "C:\Users\Marco\Desktop\Esempi
#        miei\Project\Lab\STM32F3_Protocol\EWARM\SysTick\Obj\stm32f30x_exti.o"
#        "C:\Users\Marco\Desktop\Esempi
#        miei\Project\Lab\STM32F3_Protocol\EWARM\SysTick\Obj\stm32f30x_flash.o"
#        "C:\Users\Marco\Desktop\Esempi
#        miei\Project\Lab\STM32F3_Protocol\EWARM\SysTick\Obj\stm32f30x_gpio.o"
#        "C:\Users\Marco\Desktop\Esempi
#        miei\Project\Lab\STM32F3_Protocol\EWARM\SysTick\Obj\stm32f30x_i2c.o"
#        "C:\Users\Marco\Desktop\Esempi
#        miei\Project\Lab\STM32F3_Protocol\EWARM\SysTick\Obj\stm32f30x_it.o"
#        "C:\Users\Marco\Desktop\Esempi
#        miei\Project\Lab\STM32F3_Protocol\EWARM\SysTick\Obj\stm32f30x_iwdg.o"
#        "C:\Users\Marco\Desktop\Esempi
#        miei\Project\Lab\STM32F3_Protocol\EWARM\SysTick\Obj\stm32f30x_misc.o"
#        "C:\Users\Marco\Desktop\Esempi
#        miei\Project\Lab\STM32F3_Protocol\EWARM\SysTick\Obj\stm32f30x_opamp.o"
#        "C:\Users\Marco\Desktop\Esempi
#        miei\Project\Lab\STM32F3_Protocol\EWARM\SysTick\Obj\stm32f30x_pwr.o"
#        "C:\Users\Marco\Desktop\Esempi
#        miei\Project\Lab\STM32F3_Protocol\EWARM\SysTick\Obj\stm32f30x_rcc.o"
#        "C:\Users\Marco\Desktop\Esempi
#        miei\Project\Lab\STM32F3_Protocol\EWARM\SysTick\Obj\stm32f30x_rtc.o"
#        "C:\Users\Marco\Desktop\Esempi
#        miei\Project\Lab\STM32F3_Protocol\EWARM\SysTick\Obj\stm32f30x_spi.o"
#        "C:\Users\Marco\Desktop\Esempi
#        miei\Project\Lab\STM32F3_Protocol\EWARM\SysTick\Obj\stm32f30x_syscfg.o"
#        "C:\Users\Marco\Desktop\Esempi
#        miei\Project\Lab\STM32F3_Protocol\EWARM\SysTick\Obj\stm32f30x_tim.o"
#        "C:\Users\Marco\Desktop\Esempi
#        miei\Project\Lab\STM32F3_Protocol\EWARM\SysTick\Obj\stm32f30x_usart.o"
#        "C:\Users\Marco\Desktop\Esempi
#        miei\Project\Lab\STM32F3_Protocol\EWARM\SysTick\Obj\stm32f30x_wwdg.o"
#        "C:\Users\Marco\Desktop\Esempi
#        miei\Project\Lab\STM32F3_Protocol\EWARM\SysTick\Obj\stm32f3_discovery.o"
#        "C:\Users\Marco\Desktop\Esempi
#        miei\Project\Lab\STM32F3_Protocol\EWARM\SysTick\Obj\system_stm32f30x.o"
#        --redirect _Printf=_PrintfSmall --redirect _Scanf=_ScanfSmall -o
#        "C:\Users\Marco\Desktop\Esempi
#        miei\Project\Lab\STM32F3_Protocol\EWARM\SysTick\Exe\SysTick.out" --map
#        "C:\Users\Marco\Desktop\Esempi
#        miei\Project\Lab\STM32F3_Protocol\EWARM\SysTick\List\SysTick.map"
#        --config "C:\Users\Marco\Desktop\Esempi
#        miei\Project\Lab\STM32F3_Protocol\EWARM\stm32f30x_flash.icf"
#        --semihosting --entry __iar_program_start --vfe
#
###############################################################################

*******************************************************************************
*** RUNTIME MODEL ATTRIBUTES
***

CppFlavor       = *
__SystemLibrary = DLib


*******************************************************************************
*** PLACEMENT SUMMARY
***

"A1":  place at 0x08000000 { ro section .intvec };
"P1":  place in [from 0x08000000 to 0x0803ffff] { ro };
"P2":  place in [from 0x20000000 to 0x20007fff] { rw, block CSTACK, block HEAP };

  Section            Kind        Address   Size  Object
  -------            ----        -------   ----  ------
"A1":                                     0x188
  .intvec            ro code  0x08000000  0x188  startup_stm32f30x.o [1]
                            - 0x08000188  0x188

"P1":                                     0xe6c
  .text              ro code  0x08000188  0x3e4  main.o [1]
  .text              ro code  0x0800056c   0xc4  stm32f3_discovery.o [1]
  .text              ro code  0x08000630  0x258  stm32f30x_rcc.o [1]
  .text              ro code  0x08000888   0xea  stm32f30x_tim.o [1]
  .text              ro code  0x08000972   0x22  zero_init3.o [5]
  .text              ro code  0x08000994   0x6c  stm32f30x_misc.o [1]
  .text              ro code  0x08000a00   0x92  stm32f30x_gpio.o [1]
  .text              ro code  0x08000a94  0x144  stm32f30x_usart.o [1]
  .text              ro code  0x08000bd8   0x14  memset.o [3]
  .text              ro code  0x08000bec   0x66  ABImemset.o [5]
  .text              ro code  0x08000c54   0xf8  system_stm32f30x.o [1]
  .text              ro code  0x08000d4c   0x2c  copy_init3.o [5]
  .text              ro code  0x08000d78   0x28  data_init.o [5]
  .text              ro code  0x08000da0   0x22  fpinit_M.o [4]
  .iar.init_table    const    0x08000dc4   0x24  - Linker created -
  .text              ro code  0x08000de8   0x20  stm32f30x_it.o [1]
  .text              ro code  0x08000e08   0x1a  cmain.o [5]
  .text              ro code  0x08000e22    0x4  low_level_init.o [3]
  .text              ro code  0x08000e26    0x4  exit.o [3]
  .text              ro code  0x08000e2c    0xa  cexit.o [5]
  .text              ro code  0x08000e38   0x14  exit.o [6]
  .text              ro code  0x08000e4c   0x10  startup_stm32f30x.o [1]
  .text              ro code  0x08000e5c    0xc  cstartup_M.o [5]
  .text              ro code  0x08000e68    0x4  startup_stm32f30x.o [1]
  .text              ro code  0x08000e6c    0x4  startup_stm32f30x.o [1]
  .text              ro code  0x08000e70    0x4  startup_stm32f30x.o [1]
  .text              ro code  0x08000e74    0x4  startup_stm32f30x.o [1]
  .text              ro code  0x08000e78    0x4  startup_stm32f30x.o [1]
  .text              ro code  0x08000e7c    0x4  startup_stm32f30x.o [1]
  .text              ro code  0x08000e80    0x4  startup_stm32f30x.o [1]
  .text              ro code  0x08000e84    0x4  startup_stm32f30x.o [1]
  .text              ro code  0x08000e88    0x4  startup_stm32f30x.o [1]
  .text              ro code  0x08000e8c    0x4  startup_stm32f30x.o [1]
  .text              ro code  0x08000e90    0x4  startup_stm32f30x.o [1]
  .text              ro code  0x08000e94    0x4  startup_stm32f30x.o [1]
  .text              ro code  0x08000e98    0x4  startup_stm32f30x.o [1]
  .text              ro code  0x08000e9c    0x4  startup_stm32f30x.o [1]
  .text              ro code  0x08000ea0    0x4  startup_stm32f30x.o [1]
  .text              ro code  0x08000ea4    0x4  startup_stm32f30x.o [1]
  .text              ro code  0x08000ea8    0x4  startup_stm32f30x.o [1]
  .text              ro code  0x08000eac    0x4  startup_stm32f30x.o [1]
  .text              ro code  0x08000eb0    0x4  startup_stm32f30x.o [1]
  .text              ro code  0x08000eb4    0x4  startup_stm32f30x.o [1]
  .text              ro code  0x08000eb8    0x4  startup_stm32f30x.o [1]
  .text              ro code  0x08000ebc    0x4  startup_stm32f30x.o [1]
  .text              ro code  0x08000ec0    0x4  startup_stm32f30x.o [1]
  .text              ro code  0x08000ec4    0x4  startup_stm32f30x.o [1]
  .text              ro code  0x08000ec8    0x4  startup_stm32f30x.o [1]
  .text              ro code  0x08000ecc    0x4  startup_stm32f30x.o [1]
  .text              ro code  0x08000ed0    0x4  startup_stm32f30x.o [1]
  .text              ro code  0x08000ed4    0x4  startup_stm32f30x.o [1]
  .text              ro code  0x08000ed8    0x4  startup_stm32f30x.o [1]
  .text              ro code  0x08000edc    0x4  startup_stm32f30x.o [1]
  .text              ro code  0x08000ee0    0x4  startup_stm32f30x.o [1]
  .text              ro code  0x08000ee4    0x4  startup_stm32f30x.o [1]
  .text              ro code  0x08000ee8    0x4  startup_stm32f30x.o [1]
  .text              ro code  0x08000eec    0x4  startup_stm32f30x.o [1]
  .text              ro code  0x08000ef0    0x4  startup_stm32f30x.o [1]
  .text              ro code  0x08000ef4    0x4  startup_stm32f30x.o [1]
  .text              ro code  0x08000ef8    0x4  startup_stm32f30x.o [1]
  .text              ro code  0x08000efc    0x4  startup_stm32f30x.o [1]
  .text              ro code  0x08000f00    0x4  startup_stm32f30x.o [1]
  .text              ro code  0x08000f04    0x4  startup_stm32f30x.o [1]
  .text              ro code  0x08000f08    0x4  startup_stm32f30x.o [1]
  .text              ro code  0x08000f0c    0x4  startup_stm32f30x.o [1]
  .text              ro code  0x08000f10    0x4  startup_stm32f30x.o [1]
  .text              ro code  0x08000f14    0x4  startup_stm32f30x.o [1]
  .text              ro code  0x08000f18    0x4  startup_stm32f30x.o [1]
  .text              ro code  0x08000f1c    0x4  startup_stm32f30x.o [1]
  .text              ro code  0x08000f20    0x4  startup_stm32f30x.o [1]
  .text              ro code  0x08000f24    0x4  startup_stm32f30x.o [1]
  .text              ro code  0x08000f28    0x4  startup_stm32f30x.o [1]
  .text              ro code  0x08000f2c    0x4  startup_stm32f30x.o [1]
  .text              ro code  0x08000f30    0x4  startup_stm32f30x.o [1]
  .text              ro code  0x08000f34    0x4  startup_stm32f30x.o [1]
  .text              ro code  0x08000f38    0x4  startup_stm32f30x.o [1]
  .text              ro code  0x08000f3c    0x4  startup_stm32f30x.o [1]
  .text              ro code  0x08000f40    0x4  startup_stm32f30x.o [1]
  .text              ro code  0x08000f44    0x4  startup_stm32f30x.o [1]
  .text              ro code  0x08000f48    0x4  startup_stm32f30x.o [1]
  .text              ro code  0x08000f4c    0x4  startup_stm32f30x.o [1]
  .text              ro code  0x08000f50    0x4  startup_stm32f30x.o [1]
  .text              ro code  0x08000f54    0x4  startup_stm32f30x.o [1]
  .text              ro code  0x08000f58    0x4  startup_stm32f30x.o [1]
  .text              ro code  0x08000f5c    0x4  startup_stm32f30x.o [1]
  .text              ro code  0x08000f60    0x4  startup_stm32f30x.o [1]
  .text              ro code  0x08000f64    0x4  startup_stm32f30x.o [1]
  .text              ro code  0x08000f68    0x4  startup_stm32f30x.o [1]
  .text              ro code  0x08000f6c    0x4  startup_stm32f30x.o [1]
  .text              ro code  0x08000f70    0x4  startup_stm32f30x.o [1]
  .text              ro code  0x08000f74    0x4  startup_stm32f30x.o [1]
  .text              ro code  0x08000f78    0x4  startup_stm32f30x.o [1]
  .text              ro code  0x08000f7c    0x4  startup_stm32f30x.o [1]
  .text              ro code  0x08000f80    0x4  startup_stm32f30x.o [1]
  .text              ro code  0x08000f84    0x4  startup_stm32f30x.o [1]
  .text              ro code  0x08000f88    0x4  startup_stm32f30x.o [1]
  .text              ro code  0x08000f8c    0x4  startup_stm32f30x.o [1]
  .text              ro code  0x08000f90    0x4  startup_stm32f30x.o [1]
  .rodata            const    0x08000f94    0x0  zero_init3.o [5]
  .rodata            const    0x08000f94    0x0  copy_init3.o [5]
  Initializer bytes  const    0x08000f94   0x60  <for P2 s0>
                            - 0x08000ff4  0xe6c

"P2":                                     0x6d8
  P2 s0                       0x20000000   0x60  <Init block>
    .data            inited   0x20000000   0x2c  stm32f30x_rcc.o [1]
    .data            inited   0x2000002c   0x20  stm32f3_discovery.o [1]
    .data            inited   0x2000004c   0x14  system_stm32f30x.o [1]
  .bss               zero     0x20000060  0x134  main.o [1]
  .bss               zero     0x20000194  0x12c  main.o [1]
  .bss               zero     0x200002c0    0x8  main.o [1]
  .bss               zero     0x200002c8    0x8  main.o [1]
  .bss               zero     0x200002d0    0x4  main.o [1]
  .bss               zero     0x200002d4    0x4  main.o [1]
  CSTACK                      0x200002d8  0x400  <Block>
    CSTACK           uninit   0x200002d8  0x400  <Block tail>
                            - 0x200006d8  0x6d8


*******************************************************************************
*** INIT TABLE
***

          Address     Size
          -------     ----
Zero (__iar_zero_init3)
    1 destination range, total size 0x278:
          0x20000060  0x278

Copy (__iar_copy_init3)
    1 source range, total size 0x60:
          0x08000f94   0x60
    1 destination range, total size 0x60:
          0x20000000   0x60



*******************************************************************************
*** MODULE SUMMARY
***

    Module               ro code  ro data  rw data
    ------               -------  -------  -------
C:\Users\Marco\Desktop\Esempi miei\Project\Lab\STM32F3_Protocol\EWARM\SysTick\Obj: [1]
    main.o                   996               632
    startup_stm32f30x.o      708
    stm32f30x_gpio.o         146
    stm32f30x_it.o            32
    stm32f30x_misc.o         108
    stm32f30x_rcc.o          600       44       44
    stm32f30x_tim.o          234
    stm32f30x_usart.o        324
    stm32f3_discovery.o      196       32       32
    system_stm32f30x.o       248       20       20
    ----------------------------------------------
    Total:                 3 592       96      728

command line: [2]
    ----------------------------------------------
    Total:

dl7M_tln.a: [3]
    exit.o                     4
    low_level_init.o           4
    memset.o                  20
    ----------------------------------------------
    Total:                    28

m7M_tls.a: [4]
    fpinit_M.o                34
    ----------------------------------------------
    Total:                    34

rt7M_tl.a: [5]
    ABImemset.o              102
    cexit.o                   10
    cmain.o                   26
    copy_init3.o              44
    cstartup_M.o              12
    data_init.o               40
    zero_init3.o              34
    ----------------------------------------------
    Total:                   268

shb_l.a: [6]
    exit.o                    20
    ----------------------------------------------
    Total:                    20

    Gaps                       8        2
    Linker created                     36    1 024
--------------------------------------------------
    Grand Total:           3 950      134    1 752


*******************************************************************************
*** ENTRY LIST
***

Entry                      Address   Size  Type      Object
-----                      -------   ----  ----      ------
.iar.init_table$$Base   0x08000dc4          --   Gb  - Linker created -
.iar.init_table$$Limit  0x08000de8          --   Gb  - Linker created -
?main                   0x08000e09         Code  Gb  cmain.o [5]
ADCPrescTable           0x20000010   0x1c  Data  Lc  stm32f30x_rcc.o [1]
AHBPrescTable           0x2000004c   0x10  Data  Gb  system_stm32f30x.o [1]
APBAHBPrescTable        0x20000000   0x10  Data  Lc  stm32f30x_rcc.o [1]
All_Led_init            0x08000189   0x36  Code  Gb  main.o [1]
BAU_FW_Version          0x08000439   0x16  Code  Gb  main.o [1]
BAU_Led                 0x0800044f   0x7a  Code  Gb  main.o [1]
BAU_PacketClone         0x080003df   0x2a  Code  Gb  main.o [1]
BAU_PacketDispatch      0x080004c9   0x60  Code  Gb  main.o [1]
BAU_PacketSend          0x08000409   0x30  Code  Gb  main.o [1]
BusFault_Handler        0x08000def    0x2  Code  Gb  stm32f30x_it.o [1]
CSTACK$$Base            0x200002d8          --   Gb  - Linker created -
CSTACK$$Limit           0x200006d8          --   Gb  - Linker created -
DebugMon_Handler        0x08000df5    0x2  Code  Gb  stm32f30x_it.o [1]
EnableTimerInterrupt    0x0800020b   0x14  Code  Gb  main.o [1]
GPIO_CLK                0x08000610   0x20  Data  Gb  stm32f3_discovery.o [1]
GPIO_Init               0x08000a01   0x6e  Code  Gb  stm32f30x_gpio.o [1]
GPIO_InitStructure      0x200002c0    0x8  Data  Gb  main.o [1]
GPIO_PIN                0x08000600   0x10  Data  Gb  stm32f3_discovery.o [1]
GPIO_PORT               0x2000002c   0x20  Data  Gb  stm32f3_discovery.o [1]
GPIO_PinAFConfig        0x08000a6f   0x24  Code  Gb  stm32f30x_gpio.o [1]
HardFault_Handler       0x08000deb    0x2  Code  Gb  stm32f30x_it.o [1]
Init_Timer              0x080001bf   0x4c  Code  Gb  main.o [1]
MS_GetLedStatus         0x0800056d   0x14  Code  Gb  stm32f3_discovery.o [1]
MemManage_Handler       0x08000ded    0x2  Code  Gb  stm32f30x_it.o [1]
NMI_Handler             0x08000de9    0x2  Code  Gb  stm32f30x_it.o [1]
NVIC_Init               0x08000995   0x5a  Code  Gb  stm32f30x_misc.o [1]
PendSV_Handler          0x08000df7    0x2  Code  Gb  stm32f30x_it.o [1]
RCC_AHBPeriphClockCmd   0x0800084b   0x12  Code  Gb  stm32f30x_rcc.o [1]
RCC_APB1PeriphClockCmd  0x0800085d   0x12  Code  Gb  stm32f30x_rcc.o [1]
RCC_GetClocksFreq       0x08000631  0x21a  Code  Gb  stm32f30x_rcc.o [1]
Region$$Table$$Base     0x08000dc4          --   Gb  - Linker created -
Region$$Table$$Limit    0x08000de8          --   Gb  - Linker created -
STM_EVAL_LEDInit        0x08000581   0x42  Code  Gb  stm32f3_discovery.o [1]
STM_EVAL_LEDOff         0x080005d5   0x12  Code  Gb  stm32f3_discovery.o [1]
STM_EVAL_LEDOn          0x080005c3   0x12  Code  Gb  stm32f3_discovery.o [1]
STM_EVAL_LEDToggle      0x080005e7   0x16  Code  Gb  stm32f3_discovery.o [1]
SVC_Handler             0x08000df3    0x2  Code  Gb  stm32f30x_it.o [1]
SysTick_Handler         0x08000df9    0xa  Code  Gb  stm32f30x_it.o [1]
SystemCoreClock         0x2000005c    0x4  Data  Gb  system_stm32f30x.o [1]
SystemInit              0x08000c55   0xda  Code  Gb  system_stm32f30x.o [1]
TIM2_IRQHandler         0x080002f1   0x28  Code  Gb  main.o [1]
TIM_ClearITPendingBit   0x08000969    0x2  Code  Gb  stm32f30x_tim.o [1]
TIM_Cmd                 0x08000907   0x14  Code  Gb  stm32f30x_tim.o [1]
TIM_GetITStatus         0x08000953   0x16  Code  Gb  stm32f30x_tim.o [1]
TIM_ITConfig            0x08000941   0x12  Code  Gb  stm32f30x_tim.o [1]
TIM_TimeBaseInit        0x08000889   0x7e  Code  Gb  stm32f30x_tim.o [1]
TimingDelay             0x200002d0    0x4  Data  Gb  main.o [1]
USART2_IRQHandler       0x08000319   0xb0  Code  Gb  main.o [1]
USART_Cmd               0x08000b49   0x12  Code  Gb  stm32f30x_usart.o [1]
USART_GetFlagStatus     0x08000b95    0xe  Code  Gb  stm32f30x_usart.o [1]
USART_GetITStatus       0x08000ba3   0x36  Code  Gb  stm32f30x_usart.o [1]
USART_ITConfig          0x08000b6b   0x2a  Code  Gb  stm32f30x_usart.o [1]
USART_Init              0x08000a95   0x9e  Code  Gb  stm32f30x_usart.o [1]
USART_ReceiveData       0x08000b63    0x8  Code  Gb  stm32f30x_usart.o [1]
USART_SendData          0x08000b5b    0x8  Code  Gb  stm32f30x_usart.o [1]
UsageFault_Handler      0x08000df1    0x2  Code  Gb  stm32f30x_it.o [1]
__aeabi_memset          0x08000bed         Code  Gb  ABImemset.o [5]
__cmain                 0x08000e09         Code  Gb  cmain.o [5]
__exit                  0x08000e39   0x14  Code  Gb  exit.o [6]
__iar_Memset            0x08000bed         Code  Gb  ABImemset.o [5]
__iar_Memset_word       0x08000bf5         Code  Gb  ABImemset.o [5]
__iar_copy_init3        0x08000d4d   0x2c  Code  Gb  copy_init3.o [5]
__iar_data_init3        0x08000d79   0x28  Code  Gb  data_init.o [5]
__iar_init_vfp          0x08000da1         Code  Gb  fpinit_M.o [4]
__iar_program_start     0x08000e5d         Code  Gb  cstartup_M.o [5]
__iar_zero_init3        0x08000973   0x22  Code  Gb  zero_init3.o [5]
__low_level_init        0x08000e23    0x4  Code  Gb  low_level_init.o [3]
__vector_table          0x08000000         Data  Gb  startup_stm32f30x.o [1]
_call_main              0x08000e15         Code  Gb  cmain.o [5]
_exit                   0x08000e2d         Code  Gb  cexit.o [5]
_main                   0x08000e1f         Code  Gb  cmain.o [5]
blinking_led            0x200002c8    0x2  Data  Gb  main.o [1]
buffer                  0x20000060  0x12c  Data  Gb  main.o [1]
debug                   0x200002d4    0x4  Data  Gb  main.o [1]
exit                    0x08000e27    0x4  Code  Gb  exit.o [3]
isBitSet                0x080003d5    0xa  Code  Gb  main.o [1]
main                    0x08000229   0xbc  Code  Gb  main.o [1]
memset                  0x08000bd9   0x14  Code  Gb  memset.o [3]
pLen                    0x2000018c    0x2  Data  Gb  main.o [1]
packet                  0x20000194  0x12c  Data  Gb  main.o [1]
readPayloadLength       0x080003cf    0x6  Code  Gb  main.o [1]
readProgress            0x20000190    0x4  Data  Gb  main.o [1]
t_blink                 0x200002cc    0x4  Data  Gb  main.o [1]


[1] = C:\Users\Marco\Desktop\Esempi miei\Project\Lab\STM32F3_Protocol\EWARM\SysTick\Obj
[2] = command line
[3] = dl7M_tln.a
[4] = m7M_tls.a
[5] = rt7M_tl.a
[6] = shb_l.a

  3 950 bytes of readonly  code memory
    134 bytes of readonly  data memory
  1 752 bytes of readwrite data memory

Errors: none
Warnings: none
